
/home/runner/work/exp-fat-content-milk-iitk/exp-fat-content-milk-iitk/experiment/simulation/script/project.js
    2:5   warning  'hmessage' is assigned a value but never used     no-unused-vars
   18:5   warning  'message' is assigned a value but never used      no-unused-vars
   36:5   warning  'startlab2' is assigned a value but never used    no-unused-vars
   41:5   warning  'tablesdiv' is assigned a value but never used    no-unused-vars
   42:5   warning  'inftext' is assigned a value but never used      no-unused-vars
   45:5   warning  'Set' is assigned a value but never used          no-unused-vars
  142:12  warning  'stp993' is not defined                           no-undef
  143:12  warning  'stp993' is not defined                           no-undef
  144:12  warning  'timerDisplay23' is not defined                   no-undef
  161:12  warning  'stp993' is not defined                           no-undef
  162:13  warning  'straight_butyrometer3' is not defined            no-undef
  165:8   warning  'timerDisplay33' is not defined                   no-undef
  167:9   warning  'clock1' is not defined                           no-undef
  168:9   warning  'clock1' is not defined                           no-undef
  169:9   warning  'clock' is not defined                            no-undef
  170:9   warning  'clock' is not defined                            no-undef
  171:9   warning  'timerDisplay33' is not defined                   no-undef
  179:9   warning  'timeDisplay' is not defined                      no-undef
  180:9   warning  'rpmDisplay' is not defined                       no-undef
  185:13  warning  'straight_butyrometer3' is not defined            no-undef
  190:11  warning  'timelabel' is not defined                        no-undef
  195:7   warning  'stp993' is not defined                           no-undef
  200:7   warning  'waterbath_front4' is not defined                 no-undef
  201:7   warning  'waterbath_front4' is not defined                 no-undef
  202:11  warning  'finalresult' is not defined                      no-undef
  242:7   warning  'stand' is assigned a value but never used        no-unused-vars
  245:7   warning  'mb' is assigned a value but never used           no-unused-vars
  252:7   warning  'pe2' is assigned a value but never used          no-unused-vars
  261:5   warning  'm100' is assigned a value but never used         no-unused-vars
  268:7   warning  'tiltedsol' is assigned a value but never used    no-unused-vars
  273:5   warning  'changeins' is assigned a value but never used    no-unused-vars
  279:5   warning  'changeins6' is assigned a value but never used   no-unused-vars
  281:5   warning  'changeins8' is assigned a value but never used   no-unused-vars
  282:5   warning  'changeins9' is assigned a value but never used   no-unused-vars
  283:5   warning  'changeins10' is assigned a value but never used  no-unused-vars
  284:5   warning  'changeins11' is assigned a value but never used  no-unused-vars
  288:5   warning  'msolheight' is assigned a value but never used   no-unused-vars
  289:5   warning  'psolheight' is assigned a value but never used   no-unused-vars
  290:5   warning  'psolbottom' is assigned a value but never used   no-unused-vars
  292:5   warning  'psolleft' is assigned a value but never used     no-unused-vars
  348:32  warning  Unnecessary semicolon                             no-extra-semi

/home/runner/work/exp-fat-content-milk-iitk/exp-fat-content-milk-iitk/experiment/simulation/script/step0.js
  19:9   warning  'f' is not defined                             no-undef
  20:9   warning  'f' is not defined                             no-undef
  30:11  warning  'xPercent' is assigned a value but never used  no-unused-vars
  31:11  warning  'yPercent' is assigned a value but never used  no-unused-vars
  43:48  warning  'f' is not defined                             no-undef
  46:10  warning  'closePopup' is defined but never used         no-unused-vars
  48:5   warning  'f' is not defined                             no-undef
  49:5   warning  'startbutton' is not defined                   no-undef
  50:5   warning  'f' is not defined                             no-undef

/home/runner/work/exp-fat-content-milk-iitk/exp-fat-content-milk-iitk/experiment/simulation/script/step2.js
    1:7   warning  'onSwitchHolder3' is assigned a value but never used   no-unused-vars
    4:7   warning  'setButtonHolder3' is assigned a value but never used  no-unused-vars
    8:7   warning  'downSwitch3' is assigned a value but never used       no-unused-vars
   11:7   warning  'waterbath3' is assigned a value but never used        no-unused-vars
   13:7   warning  'butyrometer3' is assigned a value but never used      no-unused-vars
   16:7   warning  'cap3' is assigned a value but never used              no-unused-vars
   22:7   warning  'timerDisplay3' is assigned a value but never used     no-unused-vars
   24:7   warning  'tiltedsol13' is assigned a value but never used       no-unused-vars
   29:5   warning  'changeins12' is assigned a value but never used       no-unused-vars
   33:5   warning  'changeins16' is assigned a value but never used       no-unused-vars
  104:11  warning  'f' is not defined                                     no-undef
  105:9   warning  'f' is not defined                                     no-undef
  106:9   warning  'clock' is not defined                                 no-undef
  138:5   warning  'ins' is not defined                                   no-undef
  146:5   warning  'f' is not defined                                     no-undef
  163:8   warning  'ins' is not defined                                   no-undef
  172:12  warning  'f' is not defined                                     no-undef
  172:21  warning  'ins' is not defined                                   no-undef
  176:6   warning  'f' is not defined                                     no-undef
  177:7   warning  'f' is not defined                                     no-undef
  186:9   warning  'currentTime' is assigned a value but never used       no-unused-vars
  197:9   warning  'timecomplete' is assigned a value but never used      no-unused-vars
  215:23  warning  'ins' is not defined                                   no-undef
  216:2   warning  'f' is not defined                                     no-undef
  238:16  warning  'f' is not defined                                     no-undef
  239:9   warning  'f' is not defined                                     no-undef
  240:10  warning  'ins' is not defined                                   no-undef
  245:9   warning  'straight_butyrometer_amyl' is not defined             no-undef
  269:25  warning  'ins' is not defined                                   no-undef
  273:27  warning  'ins' is not defined                                   no-undef
  295:5   warning  'ins' is not defined                                   no-undef
  297:25  warning  'ins' is not defined                                   no-undef
  308:4   warning  'ins' is not defined                                   no-undef
  326:11  warning  'f' is not defined                                     no-undef
  327:49  warning  'ins' is not defined                                   no-undef
  328:37  warning  'startbutton' is not defined                           no-undef
  329:37  warning  'startbutton' is not defined                           no-undef
  359:9   warning  'ins' is not defined                                   no-undef
  370:23  warning  'ins' is not defined                                   no-undef
  378:22  warning  'ins' is not defined                                   no-undef
  388:14  warning  'ins' is not defined                                   no-undef
  397:1   warning  'setButtonHolder' is not defined                       no-undef
  398:9   warning  'setButtonHolder' is not defined                       no-undef
  404:7   warning  'setTempDisplay' is not defined                        no-undef

/home/runner/work/exp-fat-content-milk-iitk/exp-fat-content-milk-iitk/experiment/simulation/script/step3.js
    17:7   warning  'tempIncreaseSwitch' is assigned a value but never used         no-unused-vars
    18:7   warning  'tempDecreaseSwitch' is assigned a value but never used         no-unused-vars
    20:7   warning  'startStop' is assigned a value but never used                  no-unused-vars
    24:7   warning  'offstartStop' is assigned a value but never used               no-unused-vars
    28:7   warning  'rpmDecreaseButton' is assigned a value but never used          no-unused-vars
    29:7   warning  'rpmIncreaseButton' is assigned a value but never used          no-unused-vars
    31:7   warning  'timeDecreaseButton' is assigned a value but never used         no-unused-vars
    32:7   warning  'timeIncreaseButton' is assigned a value but never used         no-unused-vars
    43:7   warning  'upOnSwitch2' is assigned a value but never used                no-unused-vars
    50:7   warning  'setOff' is assigned a value but never used                     no-unused-vars
    53:7   warning  'doorOpenOff' is assigned a value but never used                no-unused-vars
    57:7   warning  'beaker_water' is assigned a value but never used               no-unused-vars
    59:7   warning  'water_drop1' is assigned a value but never used                no-unused-vars
    60:7   warning  'water_drop2' is assigned a value but never used                no-unused-vars
    76:7   warning  'templabel' is assigned a value but never used                  no-unused-vars
    77:7   warning  'straight_butyrometer_last' is assigned a value but never used  no-unused-vars
    86:5   warning  'changeins21' is assigned a value but never used                no-unused-vars
    87:5   warning  'changeins22' is assigned a value but never used                no-unused-vars
    88:5   warning  'changeins23' is assigned a value but never used                no-unused-vars
    89:5   warning  'changeins24' is assigned a value but never used                no-unused-vars
    90:5   warning  'changeins25' is assigned a value but never used                no-unused-vars
    91:5   warning  'changeins26' is assigned a value but never used                no-unused-vars
    92:5   warning  'changeins27' is assigned a value but never used                no-unused-vars
    93:5   warning  'changeins28' is assigned a value but never used                no-unused-vars
    94:5   warning  'changeins29' is assigned a value but never used                no-unused-vars
    97:5   warning  'changeins32' is assigned a value but never used                no-unused-vars
   114:1   warning  'upOnSwitch' is not defined                                     no-undef
   115:1   warning  'actualTempDisplay' is not defined                              no-undef
   116:1   warning  'sampleTempDisplay' is not defined                              no-undef
   118:1   warning  'actualTempDisplay1' is not defined                             no-undef
   119:1   warning  'sampleTempDisplay1' is not defined                             no-undef
   122:1   warning  'timerDisplay23' is not defined                                 no-undef
   132:7   warning  'f' is not defined                                              no-undef
   136:4   warning  'f' is not defined                                              no-undef
   138:3   warning  'ins' is not defined                                            no-undef
   194:21  warning  'ins' is not defined                                            no-undef
   197:13  warning  'f' is not defined                                              no-undef
   198:10  warning  'f' is not defined                                              no-undef
   253:35  warning  'ins' is not defined                                            no-undef
   255:40  warning  'f' is not defined                                              no-undef
   256:39  warning  'f' is not defined                                              no-undef
   263:5   warning  'rpmLabel' is not defined                                       no-undef
   266:50  warning  'f' is not defined                                              no-undef
   269:82  warning  'f' is not defined                                              no-undef
   270:40  warning  'f' is not defined                                              no-undef
   271:40  warning  'f' is not defined                                              no-undef
   295:43  warning  'ins' is not defined                                            no-undef
   308:49  warning  'f' is not defined                                              no-undef
   309:48  warning  'f' is not defined                                              no-undef
   322:51  warning  'ins' is not defined                                            no-undef
   324:51  warning  'straight_butyrometer' is not defined                           no-undef
   325:55  warning  'f' is not defined                                              no-undef
   326:52  warning  'f' is not defined                                              no-undef
   327:53  warning  'straight_butyrometer' is not defined                           no-undef
   330:55  warning  'straight_butyrometer' is not defined                           no-undef
   333:57  warning  'straight_butyrometer' is not defined                           no-undef
   334:57  warning  'straight_butyrometer' is not defined                           no-undef
   335:57  warning  'straight_butyrometer' is not defined                           no-undef
   338:59  warning  'straight_butyrometer' is not defined                           no-undef
   339:65  warning  'ins' is not defined                                            no-undef
   342:70  warning  'f' is not defined                                              no-undef
   343:7   warning  'f' is not defined                                              no-undef
   350:3   warning  'ins' is not defined                                            no-undef
   353:7   warning  'f' is not defined                                              no-undef
   354:7   warning  'f' is not defined                                              no-undef
   362:4   warning  'ins' is not defined                                            no-undef
   380:11  warning  'f' is not defined                                              no-undef
   381:9   warning  'pulse' is not defined                                          no-undef
   382:9   warning  'f' is not defined                                              no-undef
   388:5   warning  'pulse' is not defined                                          no-undef
   389:12  warning  'f' is not defined                                              no-undef
   398:12  warning  'f' is not defined                                              no-undef
   400:10  warning  'ins' is not defined                                            no-undef
   403:14  warning  'f' is not defined                                              no-undef
   404:13  warning  'f' is not defined                                              no-undef
   405:13  warning  'pulse' is not defined                                          no-undef
   406:13  warning  'ins' is not defined                                            no-undef
   408:18  warning  'f' is not defined                                              no-undef
   409:17  warning  'pulse' is not defined                                          no-undef
   414:16  warning  'f' is not defined                                              no-undef
   424:51  warning  'f' is not defined                                              no-undef
   429:11  warning  'f' is not defined                                              no-undef
   430:9   warning  'pulse' is not defined                                          no-undef
   439:9   warning  'ins' is not defined                                            no-undef
   443:15  warning  'ins' is not defined                                            no-undef
   444:11  warning  'f' is not defined                                              no-undef
   455:11  warning  'f' is not defined                                              no-undef
   456:10  warning  'f' is not defined                                              no-undef
   457:10  warning  'pulse' is not defined                                          no-undef
   461:3   warning  'ins' is not defined                                            no-undef
   462:3   warning  'butyrometer' is not defined                                    no-undef
   463:3   warning  'RUN' is not defined                                            no-undef
   464:14  warning  'f' is not defined                                              no-undef
   465:10  warning  'f' is not defined                                              no-undef
   466:6   warning  'pulse' is not defined                                          no-undef
   466:12  warning  'RUN' is not defined                                            no-undef
   469:10  warning  'fallTime' is assigned a value but never used                   no-unused-vars
   476:10  warning  'timeDisplayValue' is assigned a value but never used           no-unused-vars
   527:9   warning  'f' is not defined                                              no-undef
   528:9   warning  'ins' is not defined                                            no-undef
   537:4   warning  'ins' is not defined                                            no-undef
   542:10  warning  'ins' is not defined                                            no-undef
   543:14  warning  'f' is not defined                                              no-undef
   544:10  warning  'f' is not defined                                              no-undef
   571:31  warning  'stp12' is not defined                                          no-undef
   572:12  warning  'stp15' is not defined                                          no-undef
   573:13  warning  'stp32' is not defined                                          no-undef
   574:13  warning  'stp23' is not defined                                          no-undef
   575:10  warning  'butyrometer3' is not defined                                   no-undef
   576:10  warning  'butyrometer3' is not defined                                   no-undef
   577:12  warning  'butyrometer' is not defined                                    no-undef
   583:12  warning  'offSwitch' is not defined                                      no-undef
   584:16  warning  'f' is not defined                                              no-undef
   585:16  warning  'f' is not defined                                              no-undef
   591:14  warning  'onswitch' is not defined                                       no-undef
   592:14  warning  'onswitch' is not defined                                       no-undef
   593:13  warning  'isWaterBathOn' is not defined                                  no-undef
   594:15  warning  'ins' is not defined                                            no-undef
   599:10  warning  'offSwitch' is not defined                                      no-undef
   600:14  warning  'f' is not defined                                              no-undef
   601:13  warning  'f' is not defined                                              no-undef
   603:9   warning  'pulse' is not defined                                          no-undef
   603:15  warning  'offSwitch' is not defined                                      no-undef
   604:9   warning  'offSwitch' is not defined                                      no-undef
   605:9   warning  'offSwitch' is not defined                                      no-undef
   607:9   warning  'onswitch' is not defined                                       no-undef
   609:11  warning  'onswitch' is not defined                                       no-undef
   613:9   warning  'setTempDisplay' is not defined                                 no-undef
   614:9   warning  'actualTempDisplay' is not defined                              no-undef
   615:10  warning  'actualTempDisplay1' is not defined                             no-undef
   616:9   warning  'pulse' is not defined                                          no-undef
   616:15  warning  'actualTempDisplay' is not defined                              no-undef
   617:9   warning  'sampleTempDisplay' is not defined                              no-undef
   618:11  warning  'sampleTempDisplay1' is not defined                             no-undef
   619:9   warning  'pulse' is not defined                                          no-undef
   619:15  warning  'sampleTempDisplay' is not defined                              no-undef
   620:11  warning  'zoominout' is not defined                                      no-undef
   620:21  warning  'sampleTempDisplay' is not defined                              no-undef
   622:9   warning  'sampleTempDisplay' is not defined                              no-undef
   623:10  warning  'ins' is not defined                                            no-undef
   628:7   warning  'upOffSwitch' is not defined                                    no-undef
   629:13  warning  'f' is not defined                                              no-undef
   633:9   warning  'pulse' is not defined                                          no-undef
   633:15  warning  'upOffSwitch' is not defined                                    no-undef
   635:9   warning  'upOnSwitch' is not defined                                     no-undef
   640:11  warning  'sampleTempDisplay' is not defined                              no-undef
   641:11  warning  'pulse' is not defined                                          no-undef
   641:17  warning  'sampleTempDisplay' is not defined                              no-undef
   643:11  warning  'upOffSwitch' is not defined                                    no-undef
   644:11  warning  'upOnSwitch' is not defined                                     no-undef
   645:11  warning  'upOnSwitch' is not defined                                     no-undef
   647:11  warning  'ins' is not defined                                            no-undef
   650:13  warning  'upOffSwitch' is not defined                                    no-undef
   651:13  warning  'upOnSwitch' is not defined                                     no-undef
   655:13  warning  'ins' is not defined                                            no-undef
   656:13  warning  'f' is not defined                                              no-undef
   662:9   warning  'ins' is not defined                                            no-undef
   667:13  warning  'f' is not defined                                              no-undef
   668:9   warning  'f' is not defined                                              no-undef
   672:9   warning  'pulse' is not defined                                          no-undef
   673:9   warning  'setOn' is not defined                                          no-undef
   674:9   warning  'setOn' is not defined                                          no-undef
   681:13  warning  'currentTime' is assigned a value but never used                no-unused-vars
   686:9   warning  'actualTempDisplay' is not defined                              no-undef
   697:13  warning  'actualTempDisplay' is not defined                              no-undef
   700:51  warning  'currentSampleTemp' is not defined                              no-undef
   709:19  warning  'ins' is not defined                                            no-undef
   712:21  warning  'ins' is not defined                                            no-undef
   714:21  warning  'straight_butyrometer' is not defined                           no-undef
   715:27  warning  'f' is not defined                                              no-undef
   717:23  warning  'straight_butyrometer' is not defined                           no-undef
   720:25  warning  'straight_butyrometer' is not defined                           no-undef
   721:26  warning  'straight_butyrometer' is not defined                           no-undef
   722:26  warning  'straight_butyrometer' is not defined                           no-undef
   723:26  warning  'straight_butyrometer' is not defined                           no-undef
   725:23  warning  'straight_butyrometer' is not defined                           no-undef
   727:25  warning  'straight_butyrometer' is not defined                           no-undef
   728:25  warning  'straight_butyrometer' is not defined                           no-undef
   731:25  warning  'straight_butyrometer' is not defined                           no-undef
   732:26  warning  'f' is not defined                                              no-undef
   741:6   warning  'ins' is not defined                                            no-undef
   748:40  warning  'f' is not defined                                              no-undef
   776:23  warning  'f' is not defined                                              no-undef
   778:50  warning  'f' is not defined                                              no-undef
   779:23  warning  'ins' is not defined                                            no-undef
   786:17  warning  'actualTempDisplay' is not defined                              no-undef
   787:47  warning  'f' is not defined                                              no-undef
   788:44  warning  'f' is not defined                                              no-undef
   796:11  warning  'setOn' is not defined                                          no-undef
   809:13  warning  'isTimerFinished' is not defined                                no-undef
   810:5   warning  'ins' is not defined                                            no-undef
   811:38  warning  'f' is not defined                                              no-undef
   812:73  warning  'f' is not defined                                              no-undef
   812:76  warning  Unnecessary semicolon                                           no-extra-semi
   871:4   warning  'isTimerFinished1' is not defined                               no-undef
   890:14  warning  'ins' is not defined                                            no-undef
   891:15  warning  'isTimerFinished1' is not defined                               no-undef
   892:15  warning  'f' is not defined                                              no-undef
   893:15  warning  'startbutton' is not defined                                    no-undef
   910:9   warning  'ins' is not defined                                            no-undef
   918:4   warning  'isTimerFinished' is not defined                                no-undef
   935:15  warning  'isTimerFinished' is not defined                                no-undef
   945:12  warning  'ins' is not defined                                            no-undef
   954:7   warning  'ins' is not defined                                            no-undef
   963:11  warning  'f' is not defined                                              no-undef
   963:26  warning  'isTimerFinished' is not defined                                no-undef
   966:7   warning  'ins' is not defined                                            no-undef
   976:9   warning  'startbutton' is not defined                                    no-undef
   981:10  warning  'ins' is not defined                                            no-undef
   983:10  warning  'f' is not defined                                              no-undef
   984:7   warning  'startbutton' is not defined                                    no-undef
   985:7   warning  'startbutton' is not defined                                    no-undef
   986:7   warning  'startbutton' is not defined                                    no-undef
   993:82  warning  'f' is not defined                                              no-undef
  1000:13  warning  'f' is not defined                                              no-undef
  1001:11  warning  'f' is not defined                                              no-undef
  1010:13  warning  'ins' is not defined                                            no-undef
  1016:15  warning  'ins' is not defined                                            no-undef

✖ 312 problems (0 errors, 312 warnings)
  0 errors and 2 warnings potentially fixable with the `--fix` option.

